Microsoft (R) Macro Assembler Version 5.00                  11/12/6                                                             Page     1-1


				;program title goes here p162_asm 
				 
				;****************************************** 
 0000				data_seg		segment 
 0000  01 02 03 04 05 06 07	  table		db 	1,2,3,4,5,6,7,8,9,10,11
				,12,13,14,15,16,40  dup('a') 
       08 09 0A 0B 0C 0D 0E	
       0F 10			
       0028[			
	   61			
			 ]	
				
 0038				data_seg		ends 
				;****************************************** 
				 
				;****************************************** 
 0000				extra		segment 
 0000  0028[			  y		db	40  dup(?) 
	    ??			
			 ]	
				
 0028				extra		ends 
				;****************************************** 
				 
				;****************************************** 
 0000				code		segment 
				;------------------------------------------ 
 0000				main		proc	far 
						assume	cs:code,ds:data_seg,es:
				extra 
 0000				start:		 
				;set up stack for return 
 0000  1E					push	ds		 
 0001  2B C0					sub	ax,ax 
 0003  50					push	ax 
				;set ds register to current data segment
						 
 0004  B8 ---- R				mov	ax,data_seg	
					 
 0007  8E D8					mov 	ds,ax 
				;seg es register to current extra segment
						 
 0009  B8 ---- R				mov	ax,extra	 
 000C  8E C0					mov	es,ax 
				;main part of program goes here 
 000E  8D 36 0000 R				lea	si,table 
 0012  8D 3E 0000 R				lea	di,y 
 0016  FC					cld			
					;set DF flag to forward 
 0017  B9 0028					mov	cx,40 
 001A  F3/ A4					rep	movsb 
 001C  B0 65					mov	al,'e' 
 001E  B4 45					mov	ah,'E' 
 0020  BB 0000 R				mov	bx,offset table 
Microsoft (R) Macro Assembler Version 5.00                  11/12/6                                                             Page     1-2


 0023  26: 8B 82 0000 R				mov	ax,y[bp][si] 
p162_new.ASM(40): warning A4031: Operand types must match
 0028  87 CA					xchg	cx,dx 
 002A  87 1A					xchg	bx,[bp][si] 
 002C  BB 0000 R				mov	bx,offset table 
 002F  B0 0F					mov	al,0fH 
 0031  D7					xlat		 
 0032  CB					ret 
 0033				main		endp 
				;----------------------------------------------
				 
 0033				code		ends 
				;********************************************* 
						end	start 
Microsoft (R) Macro Assembler Version 5.00                  11/12/6                                                             Symbols-1


Segments and Groups:

                N a m e         	Length	 Align	Combine Class

CODE . . . . . . . . . . . . . .  	0033	PARA	NONE	
DATA_SEG . . . . . . . . . . . .  	0038	PARA	NONE	
EXTRA  . . . . . . . . . . . . .  	0028	PARA	NONE	

Symbols:            

                N a m e         	Type	 Value	 Attr

MAIN . . . . . . . . . . . . . .  	F PROC	0000	CODE	Length = 0033

START  . . . . . . . . . . . . .  	L NEAR	0000	CODE

TABLE  . . . . . . . . . . . . .  	L BYTE	0000	DATA_SEG

Y  . . . . . . . . . . . . . . .  	L BYTE	0000	EXTRA	Length = 0028

@FILENAME  . . . . . . . . . . .  	TEXT  p162_new		


     51 Source  Lines
     51 Total   Lines
      9 Symbols

  50096 + 450496 Bytes symbol space free

      1 Warning Errors
      0 Severe  Errors
