Microsoft (R) Macro Assembler Version 5.00                  10/12/5                                                             Page     1-1


				;program title goes here p162com.asm 
				 
				 
				;****************************************** 
 0000				code		segment 
				;------------------------------------------ 
 0100						org 	100H 
						assume	cs:code,ds:data,es:extr
				a 
p162com.ASM(8): error A2009: Symbol not defined: DATA
						 
 0100				start:		 
				;set ds register to current data segment
						 
 0100  B8 ---- R				mov	ax,seg source_buffer
					 
 0103  8E D8					mov 	ds,ax 
				;seg es register to current extra segment
						 
 0105  B8 ---- R				mov	ax,seg dest_buffer
					 
 0108  8E C0					mov	es,ax 
				;main part of program goes here 
 010A  8D 36 011D R				lea	si,source_buffer 
 010E  8D 3E 0145 R				lea	di,dest_buffer 
 0112  FC					cld			
					;set DF flag to forward 
 0113  B9 0028					mov	cx,40 
 0116  F3/ A4					rep	movsb 
 0118  B8 4C00					mov	ax,4c00h 
 011B  CD 21					int	21h 
 011D  0028[			source_buffer	db 	40  dup('a') 
p162com.ASM(25): error A2024: Segment parameters are changed
	   61			
			 ]	
				
 0145  0028[			dest_buffer	db	40  dup(?) 
p162com.ASM(26): error A2024: Segment parameters are changed
	    ??			
			 ]	
				
				;----------------------------------------------
				 
 016D				code		ends 
				;********************************************* 
						end	start 
Microsoft (R) Macro Assembler Version 5.00                  10/12/5                                                             Symbols-1


Segments and Groups:

                N a m e         	Length	 Align	Combine Class

CODE . . . . . . . . . . . . . .  	016D	PARA	NONE	
DATA . . . . . . . . . . . . . .  	0000	FAR	Segments and Groups:	
EXTRA  . . . . . . . . . . . . .  	0000	FAR	Segments and Groups:	

Symbols:            

                N a m e         	Type	 Value	 Attr

DEST_BUFFER  . . . . . . . . . .  	L BYTE	0145	CODE	Length = 0028

SOURCE_BUFFER  . . . . . . . . .  	L BYTE	011D	CODE	Length = 0028
START  . . . . . . . . . . . . .  	L NEAR	0100	CODE

@FILENAME  . . . . . . . . . . .  	TEXT  p162com		


     30 Source  Lines
     30 Total   Lines
      8 Symbols

  50320 + 450912 Bytes symbol space free

      0 Warning Errors
      3 Severe  Errors
