Microsoft (R) Macro Assembler Version 5.00                  10/17/5                                                             Page     1-1


				;p180_n.asm,检索，查到删除该数。 
 0000				es_data	segment 
 0000  0050					dw 	50h 
 00A2						org 	0a2h 
 00A2				es_data	ends 
				 
 0000				program	segment 
 0000				main	proc	  far 
					assume 	cs:program,es:es_data 
 0000  1E			start:	push	ds 
 0001  2B C0				sub	ax,ax 
 0003  50				push	ax		;和ret配合使用 
 0004  B8 ---- R			mov	ax,es_data 
 0007  8E C0				mov	es,ax 
 0009  FC				cld 
 000A  57				push	di 
 000B  26: 8B 0D			mov	cx,es:[di]	;查0是否存在,若
				查到，要移动元素，破坏代码区。 
 000E  83 C7 02				add	di,2		; 
 0011  F2/ AF				repne	scasw		;在串中查找与ax
				值相等者。 
 0013  74 03				je	delete 
 0015  5F				pop	di 
 0016  EB 12				jmp	short exit	;没有找到，直接
				退出。 
 0018  E3 0C			delete:	jcxz	dec_cnt		;找到，是最后一
				个，直接将串长减1。 
 001A  26: 8B 1D		next_el:mov	bx,es:[di]	;找到，元素往前
				移一个位置。 
 001D  26: 89 5D FE			mov	es:[di-2],bx	; 
 0021  83 C7 02				add	di,2 
 0024  E2 F4				loop	next_el 
 0026  5F			dec_cnt:pop	di 
 0027  26: FF 0D			dec	word ptr es:[di] 
 002A  CB			exit:	ret 
 002B				main	endp 
 002B				program	ends 
					end 
Microsoft (R) Macro Assembler Version 5.00                  10/17/5                                                             Symbols-1


Segments and Groups:

                N a m e         	Length	 Align	Combine Class

ES_DATA  . . . . . . . . . . . .  	00A2	PARA	NONE	
PROGRAM  . . . . . . . . . . . .  	002B	PARA	NONE	

Symbols:            

                N a m e         	Type	 Value	 Attr

DEC_CNT  . . . . . . . . . . . .  	L NEAR	0026	PROGRAM
DELETE . . . . . . . . . . . . .  	L NEAR	0018	PROGRAM

EXIT . . . . . . . . . . . . . .  	L NEAR	002A	PROGRAM

MAIN . . . . . . . . . . . . . .  	F PROC	0000	PROGRAM	Length = 002B

NEXT_EL  . . . . . . . . . . . .  	L NEAR	001A	PROGRAM

START  . . . . . . . . . . . . .  	L NEAR	0000	PROGRAM

@FILENAME  . . . . . . . . . . .  	TEXT  p180_n1		


     33 Source  Lines
     33 Total   Lines
     10 Symbols

  50190 + 450866 Bytes symbol space free

      0 Warning Errors
      0 Severe  Errors
