Microsoft (R) Macro Assembler Version 5.00                  10/29/4                                                             Page     1-1


					.model	small 
					.386 
 0200					.stack	200H 
 0000					.data 
					align	16 
 0000  EFCDAB9078563412		data1	dq	1234567890abcdefH 
 0008  2143658709BADCFE		data2	dq	0fedcba0987654321H 
 0010  ????????????????		data3	dq	? 
 0000					.code 
 0000  B8 ---- R		start:	mov	ax,@data 
 0003  8E D8				mov	ds,ax 
 0005  66| A1 0000 R			mov	eax,dword ptr data1 
 0009  66| 03 06 0008 R			add	eax,dword ptr data2 
 000E  66| 8B 16 0004 R			mov	edx,dword ptr data1+4 
 0013  66| 13 16 000C R			adc	edx,dword ptr data2+4 
 0018  66| A3 0010 R			mov	dword ptr data3,eax 
 001C  66| 89 16 0014 R			mov	dword ptr data3+4,edx 
 0021  B8 4C00				mov	ax,4c00H 
 0024  CD 21				int	21H 
 0026					end	start 
Microsoft (R) Macro Assembler Version 5.00                  10/29/4                                                             Symbols-1




                N a m e         	Size	Length	 Align	Combine Class

DGROUP . . . . . . . . . . . . .  	GROUP
  _DATA  . . . . . . . . . . . .  	16 Bit	0018	WORD	PUBLIC	'DATA'
  STACK  . . . . . . . . . . . .  	16 Bit	0200	PARA	STACK	'STACK'
_TEXT  . . . . . . . . . . . . .  	16 Bit	0026	WORD	PUBLIC	'CODE'

Symbols:            

                N a m e         	Type	 Value	 Attr

DATA1  . . . . . . . . . . . . .  	L QWORD	0000	_DATA
DATA2  . . . . . . . . . . . . .  	L QWORD	0008	_DATA
DATA3  . . . . . . . . . . . . .  	L QWORD	0010	_DATA

START  . . . . . . . . . . . . .  	L NEAR	0000	_TEXT

@CODE  . . . . . . . . . . . . .  	TEXT  _TEXT		
@CODESIZE  . . . . . . . . . . .  	TEXT  0		
@DATASIZE  . . . . . . . . . . .  	TEXT  0		
@FILENAME  . . . . . . . . . . .  	TEXT  p203		


     20 Source  Lines
     20 Total   Lines
     18 Symbols

  50248 + 450760 Bytes symbol space free

      0 Warning Errors
      0 Severe  Errors
