Microsoft (R) Macro Assembler Version 5.00                  10/31/4                                                             Page     1-1


				;p204.asm,比例变址实现5个双字相加。 
				; 
					.model	small 
					.386 
 0200					.stack	200H 
 0000					.data 
 0000  56452300F583F900E24A	array	dd	234556H,0f983f5H,6754ae2H 
       7506			
 000C  391223C5B4AC34AF			dd	0c5231239H,0af34acb4H 
 0014  ????????????????		result	dq	? 
 0000					.code 
 0000  B8 ---- R		start:	mov	ax,@data 
 0003  8E D8				mov	ds,ax			;固定模
				式 
				; 
 0005  66| 2B DB			sub	ebx,ebx 
 0008  66| 8B D3			mov	edx,ebx 
 000B  66| 8B C3			mov	eax,ebx 
 000E  B9 0005				mov	cx,5 
 0011  67| 66| 03 049D 0000	back:	add	eax,array[ebx*4] 
       0000 R			
 001A  66| 83 D2 00			adc	edx,0			;可能有
				双字以上结果 
 001E  66| 43				inc	ebx			;指针修
				改，加1 
 0020  49				dec	cx 
 0021  75 EE				jnz	back 
 0023  66| A3 0014 R			mov 	dword ptr result,eax 
 0027  66| 89 16 0018 R			mov	dword ptr result+4,edx 
				; 
 002C  B8 4C00				mov	ax,4c00H 
 002F  CD 21				int	21H 
 0031					end	start 
Microsoft (R) Macro Assembler Version 5.00                  10/31/4                                                             Symbols-1




                N a m e         	Size	Length	 Align	Combine Class

DGROUP . . . . . . . . . . . . .  	GROUP
  _DATA  . . . . . . . . . . . .  	16 Bit	001C	WORD	PUBLIC	'DATA'
  STACK  . . . . . . . . . . . .  	16 Bit	0200	PARA	STACK	'STACK'
_TEXT  . . . . . . . . . . . . .  	16 Bit	0031	WORD	PUBLIC	'CODE'

Symbols:            

                N a m e         	Type	 Value	 Attr

ARRAY  . . . . . . . . . . . . .  	L DWORD	0000	_DATA

BACK . . . . . . . . . . . . . .  	L NEAR	0011	_TEXT

RESULT . . . . . . . . . . . . .  	L QWORD	0014	_DATA

START  . . . . . . . . . . . . .  	L NEAR	0000	_TEXT

@CODE  . . . . . . . . . . . . .  	TEXT  _TEXT		
@CODESIZE  . . . . . . . . . . .  	TEXT  0		
@DATASIZE  . . . . . . . . . . .  	TEXT  0		
@FILENAME  . . . . . . . . . . .  	TEXT  p204		


     28 Source  Lines
     28 Total   Lines
     18 Symbols

  50134 + 450762 Bytes symbol space free

      0 Warning Errors
      0 Severe  Errors
