Microsoft (R) Macro Assembler Version 5.00                  11/7/4                                                             Page     1-1


				;p220.asm数组元素相加送结果单元子程序。 
				;通过地址表传送参数，表首址在bx中。 
				;以.com形式写程序。 
				; 
				;************************************* 
 0000				code	segment 
					assume	cs:code,ds:code,ss:code 
 0100					org	100h 
				;====================================== 
				; 
 0100				main	proc	near 
 0100  B8 ---- R		start:	mov	ax,code 
 0103  8E D8				mov	ds,ax 
 0105  C7 06 020C R 0140 R		mov	table,offset ary 
 010B  C7 06 020E R 0208 R		mov	table+2,offset count 
 0111  C7 06 0210 R 020A R		mov	table+4,offset sum 
 0117  BB 020C R			mov	bx,offset table 
 011A  E8 0122 R			call	proadd 
 011D  B8 4C00				mov	ax,4c00h 
 0120  CD 21				int 	21h 
 0122				main	endp 
				;======================================= 
				; 
				;--------------------------------------	 
 0122				proadd	proc	near 
 0122  50				push	ax 
 0123  51				push	cx 
 0124  56				push	si 
 0125  57				push	di 
 0126  8B 37				mov	si,[bx]		;ary首址指针 
 0128  8B 7F 02				mov	di,[bx+2]	 
 012B  8B 0D				mov	cx,[di]		;ary元素个数 
 012D  8B 7F 04				mov	di,[bx+4]	;结果单元指针 
 0130  33 C0				xor	ax,ax 
 0132  03 04			next:	add	ax,[si] 
 0134  83 C6 02				add	si,2	 
 0137  E2 F9				loop	next 
 0139  89 05				mov	[di],ax 
 013B  5F				pop	di 
 013C  5E				pop	si 
 013D  59				pop	cx 
 013E  58				pop	ax 
 013F  C3				ret 
 0140				proadd	endp 
				;--------------------------------------- 
				; 
				;========================================= 
				; 
 0140  0064[			ary	dw	100 dup(?) 
	   ????			
			 ]	
				
 0208  0064			count	dw	100 
 020A  ????			sum	dw	? 
Microsoft (R) Macro Assembler Version 5.00                  11/7/4                                                             Page     1-2


 020C  0003[			table	dw	3  dup(?) 
	   ????			
			 ]	
				
				; 
				;========================================= 
				; 
 0212				code	ends 
				;***************************************** 
					end	start 
Microsoft (R) Macro Assembler Version 5.00                  11/7/4                                                             Symbols-1


Segments and Groups:

                N a m e         	Length	 Align	Combine Class

CODE . . . . . . . . . . . . . .  	0212	PARA	NONE	

Symbols:            

                N a m e         	Type	 Value	 Attr

ARY  . . . . . . . . . . . . . .  	L WORD	0140	CODE	Length = 0064

COUNT  . . . . . . . . . . . . .  	L WORD	0208	CODE

MAIN . . . . . . . . . . . . . .  	N PROC	0100	CODE	Length = 0022

NEXT . . . . . . . . . . . . . .  	L NEAR	0132	CODE

PROADD . . . . . . . . . . . . .  	N PROC	0122	CODE	Length = 001E

START  . . . . . . . . . . . . .  	L NEAR	0100	CODE
SUM  . . . . . . . . . . . . . .  	L WORD	020A	CODE

TABLE  . . . . . . . . . . . . .  	L WORD	020C	CODE	Length = 0003

@FILENAME  . . . . . . . . . . .  	TEXT  p220		


     58 Source  Lines
     58 Total   Lines
     11 Symbols

  50260 + 450748 Bytes symbol space free

      0 Warning Errors
      0 Severe  Errors
