Microsoft (R) Macro Assembler Version 5.00                  11/21/4                                                             Page     1-1


				;p234.asm,Çón! 
				; 
				; 
				;**********************************************
				******* 
 0000				data	segment 
 0000  0003			n_v	dw	3 
 0002  ????			result	dw	? 
 0004				data	ends 
				;**********************************************
				******* 
				; 
				;**********************************************
				******* 
 0000				stack	segment 
 0000  0080[				dw	128 dup(0) 
	   0000			
			 ]	
				
 0100				tos	label	word 
 0100				stack	ends 
				;**********************************************
				******* 
				; 
				;**********************************************
				******* 
 0000				code1	segment 
					assume	cs:code1,ds:data,ss:stack 
 0000  B8 ---- R		start:	mov	ax,stack 
 0003  8E D0				mov	ss,ax 
 0005  BC 0100 R			mov	sp,offset tos 
				; 
 0008  B8 ---- R			mov	ax,data 
 000B  8E D8				mov	ds,ax 
				; 
 000D  BB 0002 R			mov	bx,offset result 
 0010  53				push	bx 
 0011  8B 1E 0000 R			mov	bx,n_v 
 0015  53				push	bx 
 0016  9A 0000 ---- R			call 	far ptr fact 
				; 
 001B  B8 4C00				mov	ax,4c00h 
 001E  CD 21				int 	21h 
 0020				code1	ends 
				;**********************************************
				******** 
				; 
				;**********************************************
				******** 
 0000				code	segment 
				; 
				frame	struc 
 0000  ????				save_bp	dw	? 
 0002  0002[				savcsip	dw	2 dup(?) 
Microsoft (R) Macro Assembler Version 5.00                  11/21/4                                                             Page     1-2


	   ????			
			 ]	
				
 0006  ????				n	dw	? 
 0008  ????				result1	dw	? 
 000A				frame	ends 
				; 
					assume	cs:code 
				;----------------------------------------------
				--------- 
 0000				fact	proc	far 
 0000  55				push	bp 
 0001  8B EC				mov	bp,sp 
 0003  53				push	bx 
 0004  50				push	ax 
 0005  8B 5E 08				mov	bx,[bp].result1 
 0008  8B 46 06				mov	ax,[bp].n 
 000B  3D 0000				cmp	ax,0 
 000E  74 12				je	done 
 0010  53				push	bx 
 0011  48				dec	ax 
 0012  50				push	ax 
 0013  9A 0000 ---- R			call	far ptr fact 
 0018  8B 5E 08				mov	bx,[bp].result1 
 001B  8B 07				mov	ax,[bx] 
 001D  F7 66 06				mul	[bp].n 
 0020  EB 03				jmp	short	return 
				; 
 0022  B8 0001			done:	mov	ax,1 
 0025  89 07			return:	mov	[bx],ax 
 0027  58				pop	ax 
 0028  5B				pop	bx 
 0029  5D				pop	bp 
 002A  CA 0004				ret	4 
 002D				fact	endp	 
				;----------------------------------------------
				----------- 
				; 
 002D				code	ends 
				;**********************************************
				************ 
					end	start 
Microsoft (R) Macro Assembler Version 5.00                  11/21/4                                                             Symbols-1


Structures and Records:

                N a m e                 Width   # fields
                                        Shift   Width   Mask    Initial

FRAME  . . . . . . . . . . . . .  	000A	0004
  SAVE_BP  . . . . . . . . . . .  	0000
  SAVCSIP  . . . . . . . . . . .  	0002
  N  . . . . . . . . . . . . . .  	0006
  RESULT1  . . . . . . . . . . .  	0008

Segments and Groups:

                N a m e         	Length	 Align	Combine Class

CODE . . . . . . . . . . . . . .  	002D	PARA	NONE	
CODE1  . . . . . . . . . . . . .  	0020	PARA	NONE	
DATA . . . . . . . . . . . . . .  	0004	PARA	NONE	
STACK  . . . . . . . . . . . . .  	0100	PARA	NONE	

Symbols:            

                N a m e         	Type	 Value	 Attr

DONE . . . . . . . . . . . . . .  	L NEAR	0022	CODE

FACT . . . . . . . . . . . . . .  	F PROC	0000	CODE	Length = 002D

N_V  . . . . . . . . . . . . . .  	L WORD	0000	DATA

RESULT . . . . . . . . . . . . .  	L WORD	0002	DATA
RETURN . . . . . . . . . . . . .  	L NEAR	0025	CODE

START  . . . . . . . . . . . . .  	L NEAR	0000	CODE1

TOS  . . . . . . . . . . . . . .  	L WORD	0100	STACK

@FILENAME  . . . . . . . . . . .  	TEXT  p234		


     80 Source  Lines
     80 Total   Lines
     18 Symbols

  49996 + 451012 Bytes symbol space free

      0 Warning Errors
      0 Severe  Errors
