Microsoft (R) Macro Assembler Version 5.00                  11/29/4                                                             Page     1-1


				;p352.asm,ÊäÈë×Ö·û´®,²¢ÏÔÊ¾¸Ã×Ö·û´®¡£ 
				; 
				;******************************************** 
				; 
					.model 	small 
 0200					.stack	200h 
				;==============================================
				 
				; 
 0000					.data 
 0000  32 00			userstr	db	50,0,50 dup('$') 
       0032[			
	   24			
			 ]	
				
 0034				readkey	proc	far 
 0034  B8 ---- R			mov	ax,@data 
 0037  8E D8				mov	ds,ax 
				; 
 0039  8D 16 0000 R			lea	dx,userstr 
 003D  B4 0A				mov	ah,0ah 
 003F  CD 21				int	21h 
				; 
 0041  2A ED				sub	ch,ch 
 0043  8A 0E 0001 R			mov	cl,userstr+1 
 0047  83 C2 02				add	dx,2 
 004A  B4 09				mov	ah,9 
 004C  CD 21				int	21h 
				; 
 004E  B8 4C00			exit:	mov	ax,4c00h 
p352.ASM(25): error A2062: Missing or unreachable CS
 0051  CD 21				int	21h 
 0053				readkey	endp 
				;==============================================
				= 
				;**********************************************
				* 
 0053					end 	readkey 
Microsoft (R) Macro Assembler Version 5.00                  11/29/4                                                             Symbols-1


Segments and Groups:

                N a m e         	Length	 Align	Combine Class

DGROUP . . . . . . . . . . . . .  	GROUP
  _DATA  . . . . . . . . . . . .  	0053	WORD	PUBLIC	'DATA'
  STACK  . . . . . . . . . . . .  	0200	PARA	STACK	'STACK'
_TEXT  . . . . . . . . . . . . .  	0000	WORD	PUBLIC	'CODE'

Symbols:            

                N a m e         	Type	 Value	 Attr

EXIT . . . . . . . . . . . . . .  	L NEAR	004E	_DATA

READKEY  . . . . . . . . . . . .  	F PROC	0034	_DATA	Length = 001F

USERSTR  . . . . . . . . . . . .  	L BYTE	0000	_DATA

@CODE  . . . . . . . . . . . . .  	TEXT  _TEXT		
@CODESIZE  . . . . . . . . . . .  	TEXT  0		
@DATASIZE  . . . . . . . . . . .  	TEXT  0		
@FILENAME  . . . . . . . . . . .  	TEXT  p352		


     30 Source  Lines
     30 Total   Lines
     17 Symbols

  50284 + 450724 Bytes symbol space free

      0 Warning Errors
      1 Severe  Errors
