Microsoft (R) Macro Assembler Version 5.00                  10/23/4                                                             Page     1-1


				;p185_n.asm,¼üÈëÊ××Ö·ûÎª¿Õ¸ñµÄ×Ö·û´®¡£ÓöµÚ¶þ¿Õ¸
				ñ½áÊø¡£ 
				;******************************************* 
 0000				data	segment 
 0000  0050[			buffer	db	80 dup (?) 
	    ??			
			 ]	
				
 0050  ??			flag	db	? 
 0051				data	ends 
				;******************************************* 
 0000				program	segment 
 0000				main	proc	far 
					assume	cs:program,ds:data 
 0000  1E			start:	push 	ds 
 0001  2B C0				sub	ax,ax 
 0003  50				push	ax 
 0004  B8 ---- R			mov	ax,data 
 0007  8E D8				mov	ds,ax 
 0009  8D 1E 0000 R			lea	bx,buffer 
 000D  C6 06 0050 R 00			mov	flag,0 
 0012  B4 01			next:	mov	ah,01 
 0014  CD 21				int	21H 
 0016  F6 06 0050 R 01			test	flag,01H 
 001B  75 0B				jnz	follow 
 001D  3C 20				cmp	al,20H 
 001F  75 10				jnz	exit 
 0021  C6 06 0050 R 01			mov	flag,1 
 0026  EB EA				jmp	next 
 0028  3C 20			follow:	cmp	al,20H 
 002A  74 05				jz	exit 
 002C  88 07				mov	[bx],al	 
 002E  43				inc	bx 
 002F  EB E1				jmp	next 
 0031  CB			exit:	ret 
 0032				main	endp 
 0032				program	ends 
					end start 
Microsoft (R) Macro Assembler Version 5.00                  10/23/4                                                             Symbols-1


Segments and Groups:

                N a m e         	Length	 Align	Combine Class

DATA . . . . . . . . . . . . . .  	0051	PARA	NONE	
PROGRAM  . . . . . . . . . . . .  	0032	PARA	NONE	

Symbols:            

                N a m e         	Type	 Value	 Attr

BUFFER . . . . . . . . . . . . .  	L BYTE	0000	DATA	Length = 0050

EXIT . . . . . . . . . . . . . .  	L NEAR	0031	PROGRAM

FLAG . . . . . . . . . . . . . .  	L BYTE	0050	DATA
FOLLOW . . . . . . . . . . . . .  	L NEAR	0028	PROGRAM

MAIN . . . . . . . . . . . . . .  	F PROC	0000	PROGRAM	Length = 0032

NEXT . . . . . . . . . . . . . .  	L NEAR	0012	PROGRAM

START  . . . . . . . . . . . . .  	L NEAR	0000	PROGRAM

@FILENAME  . . . . . . . . . . .  	TEXT  p185_n		


     34 Source  Lines
     34 Total   Lines
     11 Symbols

  50354 + 450654 Bytes symbol space free

      0 Warning Errors
      0 Severe  Errors
