Microsoft (R) Macro Assembler Version 5.00                  10/29/4                                                             Page     1-1


 0000				datas   segment 
 0000  00 00			flag	db	0,0		;检查flag值，即
				分支号。 
 0002  0027 R			bran_ta	dw	route_1 
 0004  002F R				dw	route_2 
 0006  0037 R				dw	route_3 
 0008  003F R				dw	route_4 
 000A  0047 R				dw	route_5 
 000C  004F R				dw	route_6 
 000E  0057 R				dw 	route_7 
 0010  005F R				dw	route_8 
 0012  0D 0A 50 6C 65 61 73	mess1   db 	0dh,0ah,'Please enter a number(
				1~8):$' 
       65 20 65 6E 74 65 72	
       20 61 20 6E 75 6D 62	
       65 72 28 31 7E 38 29	
       3A 24			
 0030				datas   ends 
				 
 0000				codes   segment 
				        assume 	cs:codes,ds:datas 
 0000  B8 ---- R		start:  mov 	ax,datas 
 0003  8E D8			        mov 	ds,ax 
 0005  8D 16 0012 R		  	lea 	dx,mess1 
 0009  B4 09			        mov 	ah,09h 
 000B  CD 21			        int 	21h		;显示提示 
 000D  B4 01			        mov 	ah,1 
 000F  CD 21			        int 	21h		;输入字符在al中
				。 
 0011  24 0F				and	al,0fH 
 0013  3C 00				cmp	al,0	 
 0015  74 4D				je	exit 
 0017  3C 08				cmp	al,8 
 0019  77 49				ja	exit 
 001B  98				cbw 
 001C  8B F0				mov	si,ax 
 001E  03 F6				add 	si,si 
 0020  83 EE 02				sub	si,2 
 0023  FF A4 0002 R			jmp	word ptr bran_ta[si] 
 0027  C6 06 0000 R 01		route_1:mov	flag,1 
 002C  EB 36 90				jmp	exit 
 002F  C6 06 0000 R 02		route_2:mov	flag,2 
 0034  EB 2E 90				jmp	exit 
 0037  C6 06 0000 R 03		route_3:mov	flag,3 
 003C  EB 26 90				jmp	exit 
 003F  C6 06 0000 R 04		route_4:mov	flag,4 
 0044  EB 1E 90				jmp	exit 
 0047  C6 06 0000 R 05		route_5:mov	flag,5 
 004C  EB 16 90				jmp	exit 
 004F  C6 06 0000 R 06		route_6:mov	flag,6 
 0054  EB 0E 90				jmp	exit 
 0057  C6 06 0000 R 07		route_7:mov	flag,7 
 005C  EB 06 90				jmp	exit 
 005F  C6 06 0000 R 08		route_8:mov	flag,8 
Microsoft (R) Macro Assembler Version 5.00                  10/29/4                                                             Page     1-2


 0064  B4 4C			exit:   mov	ah,4cH 
 0066  CD 21				int 	21H 
 0068				codes   ends 
				        end start 
Microsoft (R) Macro Assembler Version 5.00                  10/29/4                                                             Symbols-1


Segments and Groups:

                N a m e         	Length	 Align	Combine Class

CODES  . . . . . . . . . . . . .  	0068	PARA	NONE	
DATAS  . . . . . . . . . . . . .  	0030	PARA	NONE	

Symbols:            

                N a m e         	Type	 Value	 Attr

BRAN_TA  . . . . . . . . . . . .  	L WORD	0002	DATAS

EXIT . . . . . . . . . . . . . .  	L NEAR	0064	CODES

FLAG . . . . . . . . . . . . . .  	L BYTE	0000	DATAS

MESS1  . . . . . . . . . . . . .  	L BYTE	0012	DATAS

ROUTE_1  . . . . . . . . . . . .  	L NEAR	0027	CODES
ROUTE_2  . . . . . . . . . . . .  	L NEAR	002F	CODES
ROUTE_3  . . . . . . . . . . . .  	L NEAR	0037	CODES
ROUTE_4  . . . . . . . . . . . .  	L NEAR	003F	CODES
ROUTE_5  . . . . . . . . . . . .  	L NEAR	0047	CODES
ROUTE_6  . . . . . . . . . . . .  	L NEAR	004F	CODES
ROUTE_7  . . . . . . . . . . . .  	L NEAR	0057	CODES
ROUTE_8  . . . . . . . . . . . .  	L NEAR	005F	CODES

START  . . . . . . . . . . . . .  	L NEAR	0000	CODES

@FILENAME  . . . . . . . . . . .  	TEXT  p198_n		


     51 Source  Lines
     51 Total   Lines
     17 Symbols

  50204 + 450804 Bytes symbol space free

      0 Warning Errors
      0 Severe  Errors
