Microsoft (R) Macro Assembler Version 5.00                  10/31/4                                                             Page     1-1


				;p207.asm,双字长数组对应元素相乘。 
				;比例因子变址方式 
					.model	small 
					.386 
 0200					.stack	200H 
 0000					.data 
 0000  34120000452300005634	data1	dd	1234H,2345H,3456H,4567H,5678H 
       00006745000078560000	
 0014  89670000907800000A89		dd	6789H,7890H,890aH,90abH,0abcH 
       0000AB900000BC0A0000	
 0028  01000000020000000400	data2	dd      1,2,4,8,16,32,64,128,256,512 
       00000800000010000000	
       20000000400000008000	
       00000001000000020000	
 0050  000A[			result	dq	10 dup(?) 
	   ???????????????	
	   ?			
			 ]	
				
 0000					.code 
 0000  B8 ---- R		start:	mov	ax,@data 
 0003  8E D8				mov	ds,ax			;固定模
				式 
				; 
 0005  66| 33 DB			xor	ebx,ebx 
 0008  B9 000A				mov	cx,10 
 000B  67| 66| 8B 049D 0000	back:	mov	eax,data1[ebx*4] 
       0000 R			
 0014  67| 66| F7 249D 0000		mul	data2[ebx*4] 
       0028 R			
 001D  67| 66| 89 04DD 0000		mov	dword  ptr  result[ebx*8],eax 
       0050 R			
 0026  67| 66| 89 14DD 0000		mov	dword  ptr  result+4[ebx*8],edx
				 
       0054 R			
 002F  66| 43				inc	ebx 
 0031  E2 D8				loop 	back 
				; 
 0033  B8 4C00				mov	ax,4c00H 
 0036  CD 21				int	21H 
 0038					end	start 
Microsoft (R) Macro Assembler Version 5.00                  10/31/4                                                             Symbols-1




                N a m e         	Size	Length	 Align	Combine Class

DGROUP . . . . . . . . . . . . .  	GROUP
  _DATA  . . . . . . . . . . . .  	16 Bit	00A0	WORD	PUBLIC	'DATA'
  STACK  . . . . . . . . . . . .  	16 Bit	0200	PARA	STACK	'STACK'
_TEXT  . . . . . . . . . . . . .  	16 Bit	0038	WORD	PUBLIC	'CODE'

Symbols:            

                N a m e         	Type	 Value	 Attr

BACK . . . . . . . . . . . . . .  	L NEAR	000B	_TEXT

DATA1  . . . . . . . . . . . . .  	L DWORD	0000	_DATA
DATA2  . . . . . . . . . . . . .  	L DWORD	0028	_DATA

RESULT . . . . . . . . . . . . .  	L QWORD	0050	_DATA	Length = 000A

START  . . . . . . . . . . . . .  	L NEAR	0000	_TEXT

@CODE  . . . . . . . . . . . . .  	TEXT  _TEXT		
@CODESIZE  . . . . . . . . . . .  	TEXT  0		
@DATASIZE  . . . . . . . . . . .  	TEXT  0		
@FILENAME  . . . . . . . . . . .  	TEXT  p207		


     26 Source  Lines
     26 Total   Lines
     19 Symbols

  50094 + 450802 Bytes symbol space free

      0 Warning Errors
      0 Severe  Errors
